// Jest Snapshot v1, https://goo.gl/fbAQLP

exports[`HelloWorld should render an initial component 1`] = `
<div>
  <div
    id="hello-world"
  >
    <h1>
      Hello
      , 
      World
      !
    </h1>
  </div>
</div>
`;
